== screening #4 (progressive-reveal, 6000 steps, curriculum, halt bias -2) ==
== run 1/3: arm-fixed seed 1 ==
step     1 loss 0.6785
step   300 loss 0.4014
step   600 loss 0.3284
step   900 loss 0.2430
step  1200 loss 0.2216
step  1500 loss 0.1632
step  1800 loss 0.2475
step  2100 loss 0.2275
step  2400 loss 0.3150
step  2700 loss 0.1804
step  3000 loss 0.1968
step  3300 loss 0.1953
step  3600 loss 0.2325
step  3900 loss 0.2537
step  4200 loss 0.3507
step  4500 loss 0.4740
step  4800 loss 0.4692
step  5100 loss 0.4103
step  5400 loss 0.5331
step  5700 loss 0.4626
step  6000 loss 0.4796
{
  "exp": "r2_halting_parity",
  "task": "prefix_parity",
  "arm": "fixed",
  "seed": 1,
  "steps": 6000,
  "d_model": 96,
  "K": 8,
  "beta": 0.05,
  "prior_p": 0.25,
  "curriculum": true,
  "curriculum_split": "first 70% steps L in [4,16], then [8,32]",
  "halt_bias_init": null,
  "train_loss_last": 0.4796164929866791,
  "indist_acc": 0.666015625,
  "ood_acc": 0.552734375,
  "mean_steps": null,
  "buckets_indist": {
    "q_bucket_0": {
      "n": 232,
      "acc": 0.8275862336158752
    },
    "q_bucket_1": {
      "n": 246,
      "acc": 0.5609756112098694
    },
    "q_bucket_2": {
      "n": 34,
      "acc": 0.3235294222831726
    }
  },
  "buckets_ood": {
    "q_bucket_0": {
      "n": 72,
      "acc": 0.8611111044883728
    },
    "q_bucket_1": {
      "n": 174,
      "acc": 0.517241358757019
    },
    "q_bucket_2": {
      "n": 266,
      "acc": 0.49248120188713074
    }
  },
  "wall_s": 86.8,
  "python_hash_seed": "0",
  "torch_version": "2.13.0"
}
== run 2/3: arm-adaptive seed 1 (progressive) ==
step     1 loss 0.8189
step   300 loss 0.4554
step   600 loss 0.4618
step   900 loss 0.4433
step  1200 loss 0.3876
step  1500 loss 0.4056
step  1800 loss 0.3519
step  2100 loss 0.4896
step  2400 loss 0.4226
step  2700 loss 0.4053
step  3000 loss 0.3700
step  3300 loss 0.4272
step  3600 loss 0.4711
step  3900 loss 0.4169
step  4200 loss 0.4661
step  4500 loss 0.6689
step  4800 loss 0.5752
step  5100 loss 0.6185
step  5400 loss 0.6769
step  5700 loss 0.6286
step  6000 loss 0.6687
{
  "exp": "r2_halting_parity",
  "task": "prefix_parity",
  "arm": "adaptive",
  "seed": 1,
  "steps": 6000,
  "d_model": 96,
  "K": 8,
  "beta": 0.05,
  "prior_p": 0.25,
  "curriculum": true,
  "curriculum_split": "first 70% steps L in [4,16], then [8,32]",
  "halt_bias_init": -2.0,
  "train_loss_last": 0.6687217950820923,
  "indist_acc": 0.619140625,
  "ood_acc": 0.546875,
  "mean_steps": 2.00455379486084,
  "buckets_indist": {
    "q_bucket_0": {
      "n": 232,
      "acc": 0.7241379022598267,
      "mean_steps": 2.003232717514038
    },
    "q_bucket_1": {
      "n": 246,
      "acc": 0.5121951103210449,
      "mean_steps": 2.0059401988983154
    },
    "q_bucket_2": {
      "n": 34,
      "acc": 0.6764705777168274,
      "mean_steps": 2.003535032272339
    }
  },
  "buckets_ood": {
    "q_bucket_0": {
      "n": 72,
      "acc": 0.6805555820465088,
      "mean_steps": 2.0008769035339355
    },
    "q_bucket_1": {
      "n": 174,
      "acc": 0.477011501789093,
      "mean_steps": 2.019171953201294
    },
    "q_bucket_2": {
      "n": 266,
      "acc": 0.5563910007476807,
      "mean_steps": 2.0190844535827637
    }
  },
  "wall_s": 324.8,
  "python_hash_seed": "0",
  "torch_version": "2.13.0"
}
== run 3/3: arm-fixed seed 1 rerun (G1, wall_s excluded) ==
step     1 loss 0.6785
step   300 loss 0.4014
step   600 loss 0.3284
step   900 loss 0.2430
step  1200 loss 0.2216
step  1500 loss 0.1632
step  1800 loss 0.2475
step  2100 loss 0.2275
step  2400 loss 0.3150
step  2700 loss 0.1804
step  3000 loss 0.1968
step  3300 loss 0.1953
step  3600 loss 0.2325
step  3900 loss 0.2537
step  4200 loss 0.3507
step  4500 loss 0.4740
step  4800 loss 0.4692
step  5100 loss 0.4103
step  5400 loss 0.5331
step  5700 loss 0.4626
step  6000 loss 0.4796
{
  "exp": "r2_halting_parity",
  "task": "prefix_parity",
  "arm": "fixed",
  "seed": 1,
  "steps": 6000,
  "d_model": 96,
  "K": 8,
  "beta": 0.05,
  "prior_p": 0.25,
  "curriculum": true,
  "curriculum_split": "first 70% steps L in [4,16], then [8,32]",
  "halt_bias_init": null,
  "train_loss_last": 0.4796164929866791,
  "indist_acc": 0.666015625,
  "ood_acc": 0.552734375,
  "mean_steps": null,
  "buckets_indist": {
    "q_bucket_0": {
      "n": 232,
      "acc": 0.8275862336158752
    },
    "q_bucket_1": {
      "n": 246,
      "acc": 0.5609756112098694
    },
    "q_bucket_2": {
      "n": 34,
      "acc": 0.3235294222831726
    }
  },
  "buckets_ood": {
    "q_bucket_0": {
      "n": 72,
      "acc": 0.8611111044883728
    },
    "q_bucket_1": {
      "n": 174,
      "acc": 0.517241358757019
    },
    "q_bucket_2": {
      "n": 266,
      "acc": 0.49248120188713074
    }
  },
  "wall_s": 94.7,
  "python_hash_seed": "0",
  "torch_version": "2.13.0"
}
== G1 diff (wall_s excluded) ==
G1 PASS: identical apart from wall_s
