== attempt 2 (after per-example pooling fix); attempt-1 log kept as *_attempt1_poolingbug.log ==
== run 1/3: arm-fixed seed 1 ==
step     1 loss 0.7261
step   300 loss 0.6930
step   600 loss 0.7098
step   900 loss 0.6940
step  1200 loss 0.6980
{
  "exp": "r2_halting_parity",
  "arm": "fixed",
  "seed": 1,
  "steps": 1200,
  "d_model": 96,
  "K": 8,
  "beta": 0.05,
  "prior_p": 0.25,
  "train_loss_last": 0.6980407238006592,
  "indist_acc": 0.494140625,
  "ood_acc": 0.501953125,
  "mean_steps": null,
  "wall_s": 22.6,
  "python_hash_seed": "0",
  "torch_version": "2.13.0"
}
== run 2/3: arm-adaptive seed 1 ==
step     1 loss 0.8511
step   300 loss 0.7622
step   600 loss 0.7805
step   900 loss 0.7642
step  1200 loss 0.7657
{
  "exp": "r2_halting_parity",
  "arm": "adaptive",
  "seed": 1,
  "steps": 1200,
  "d_model": 96,
  "K": 8,
  "beta": 0.05,
  "prior_p": 0.25,
  "train_loss_last": 0.7656843066215515,
  "indist_acc": 0.5078125,
  "ood_acc": 0.501953125,
  "mean_steps": 1.0097378492355347,
  "wall_s": 90.9,
  "python_hash_seed": "0",
  "torch_version": "2.13.0"
}
== run 3/3: arm-fixed seed 1 rerun (determinism G1) ==
step     1 loss 0.7261
step   300 loss 0.6930
step   600 loss 0.7098
step   900 loss 0.6940
step  1200 loss 0.6980
{
  "exp": "r2_halting_parity",
  "arm": "fixed",
  "seed": 1,
  "steps": 1200,
  "d_model": 96,
  "K": 8,
  "beta": 0.05,
  "prior_p": 0.25,
  "train_loss_last": 0.6980407238006592,
  "indist_acc": 0.494140625,
  "ood_acc": 0.501953125,
  "mean_steps": null,
  "wall_s": 22.7,
  "python_hash_seed": "0",
  "torch_version": "2.13.0"
}
== G1 diff ==
16c16
<   "wall_s": 22.6
---
>   "wall_s": 22.7
