== screening #2 attempt B (after def-line repair; attempt-A log kept) ==
== run 1/3: arm-fixed seed 1 ==
step     1 loss 0.8157
step   300 loss 0.6948
step   600 loss 0.6607
step   900 loss 0.6771
step  1200 loss 0.5760
step  1500 loss 0.5317
step  1800 loss 0.6825
step  2100 loss 0.5559
step  2400 loss 0.6069
step  2700 loss 0.5381
step  3000 loss 0.5546
step  3300 loss 0.5370
step  3600 loss 0.4880
step  3900 loss 0.5685
step  4200 loss 0.4882
step  4500 loss 0.6777
step  4800 loss 0.6803
step  5100 loss 0.6869
step  5400 loss 0.6672
step  5700 loss 0.6766
step  6000 loss 0.6829
{
  "exp": "r2_halting_parity",
  "arm": "fixed",
  "seed": 1,
  "steps": 6000,
  "d_model": 96,
  "K": 8,
  "beta": 0.05,
  "prior_p": 0.25,
  "curriculum": true,
  "curriculum_split": "first 70% steps L in [4,16], then [8,32]",
  "halt_bias_init": null,
  "train_loss_last": 0.6828786134719849,
  "indist_acc": 0.51171875,
  "ood_acc": 0.482421875,
  "mean_steps": null,
  "wall_s": 89.1,
  "python_hash_seed": "0",
  "torch_version": "2.13.0"
}
== run 2/3: arm-adaptive seed 1 ==
step     1 loss 1.4868
step   300 loss 0.7669
step   600 loss 0.7267
step   900 loss 0.7233
step  1200 loss 0.7132
step  1500 loss 0.6831
step  1800 loss 0.7197
step  2100 loss 0.6932
step  2400 loss 0.6322
step  2700 loss 0.6503
step  3000 loss 0.6445
step  3300 loss 0.6351
step  3600 loss 0.5718
step  3900 loss 0.6604
step  4200 loss 0.5870
step  4500 loss 0.7475
step  4800 loss 0.7557
step  5100 loss 0.7516
step  5400 loss 0.7330
step  5700 loss 0.7486
step  6000 loss 0.7554
{
  "exp": "r2_halting_parity",
  "arm": "adaptive",
  "seed": 1,
  "steps": 6000,
  "d_model": 96,
  "K": 8,
  "beta": 0.05,
  "prior_p": 0.25,
  "curriculum": true,
  "curriculum_split": "first 70% steps L in [4,16], then [8,32]",
  "halt_bias_init": -2.0,
  "train_loss_last": 0.7553629279136658,
  "indist_acc": 0.48828125,
  "ood_acc": 0.501953125,
  "mean_steps": 1.0033173561096191,
  "wall_s": 348.4,
  "python_hash_seed": "0",
  "torch_version": "2.13.0"
}
== run 3/3: arm-fixed seed 1 rerun (G1, wall_s excluded) ==
step     1 loss 0.8157
step   300 loss 0.6948
step   600 loss 0.6607
step   900 loss 0.6771
step  1200 loss 0.5760
step  1500 loss 0.5317
step  1800 loss 0.6825
step  2100 loss 0.5559
step  2400 loss 0.6069
step  2700 loss 0.5381
step  3000 loss 0.5546
step  3300 loss 0.5370
step  3600 loss 0.4880
step  3900 loss 0.5685
step  4200 loss 0.4882
step  4500 loss 0.6777
step  4800 loss 0.6803
step  5100 loss 0.6869
step  5400 loss 0.6672
step  5700 loss 0.6766
step  6000 loss 0.6829
{
  "exp": "r2_halting_parity",
  "arm": "fixed",
  "seed": 1,
  "steps": 6000,
  "d_model": 96,
  "K": 8,
  "beta": 0.05,
  "prior_p": 0.25,
  "curriculum": true,
  "curriculum_split": "first 70% steps L in [4,16], then [8,32]",
  "halt_bias_init": null,
  "train_loss_last": 0.6828786134719849,
  "indist_acc": 0.51171875,
  "ood_acc": 0.482421875,
  "mean_steps": null,
  "wall_s": 76.8,
  "python_hash_seed": "0",
  "torch_version": "2.13.0"
}
== G1 diff (wall_s excluded) ==
G1 PASS: identical apart from wall_s
