== screening #3 (prefix_parity, 6000 steps, curriculum, halt bias -2) ==
== run 1/3: arm-fixed seed 1 ==
step     1 loss 0.6785
step   300 loss 0.4014
step   600 loss 0.3284
step   900 loss 0.2430
step  1200 loss 0.2216
step  1500 loss 0.1632
step  1800 loss 0.2475
step  2100 loss 0.2275
step  2400 loss 0.3150
step  2700 loss 0.1804
step  3000 loss 0.1968
step  3300 loss 0.1953
step  3600 loss 0.2325
step  3900 loss 0.2537
step  4200 loss 0.3507
step  4500 loss 0.4740
step  4800 loss 0.4692
step  5100 loss 0.4103
step  5400 loss 0.5331
step  5700 loss 0.4626
step  6000 loss 0.4796
{
  "exp": "r2_halting_parity",
  "task": "prefix_parity",
  "arm": "fixed",
  "seed": 1,
  "steps": 6000,
  "d_model": 96,
  "K": 8,
  "beta": 0.05,
  "prior_p": 0.25,
  "curriculum": true,
  "curriculum_split": "first 70% steps L in [4,16], then [8,32]",
  "halt_bias_init": null,
  "train_loss_last": 0.4796164929866791,
  "indist_acc": 0.666015625,
  "ood_acc": 0.552734375,
  "mean_steps": null,
  "buckets_indist": {
    "q_bucket_0": {
      "n": 232,
      "acc": 0.8275862336158752
    },
    "q_bucket_1": {
      "n": 246,
      "acc": 0.5609756112098694
    },
    "q_bucket_2": {
      "n": 34,
      "acc": 0.3235294222831726
    }
  },
  "buckets_ood": {
    "q_bucket_0": {
      "n": 72,
      "acc": 0.8611111044883728
    },
    "q_bucket_1": {
      "n": 174,
      "acc": 0.517241358757019
    },
    "q_bucket_2": {
      "n": 266,
      "acc": 0.49248120188713074
    }
  },
  "wall_s": 92.4,
  "python_hash_seed": "0",
  "torch_version": "2.13.0"
}
== run 2/3: arm-adaptive seed 1 ==
step     1 loss 0.8407
step   300 loss 0.5344
step   600 loss 0.4835
step   900 loss 0.3995
step  1200 loss 0.3513
step  1500 loss 0.3621
step  1800 loss 0.3868
step  2100 loss 0.3972
step  2400 loss 0.4228
step  2700 loss 0.4942
step  3000 loss 0.3610
step  3300 loss 0.3900
step  3600 loss 0.3571
step  3900 loss 0.3252
step  4200 loss 0.4078
step  4500 loss 0.5702
step  4800 loss 0.5968
step  5100 loss 0.5423
step  5400 loss 0.6242
step  5700 loss 0.5686
step  6000 loss 0.5599
{
  "exp": "r2_halting_parity",
  "task": "prefix_parity",
  "arm": "adaptive",
  "seed": 1,
  "steps": 6000,
  "d_model": 96,
  "K": 8,
  "beta": 0.05,
  "prior_p": 0.25,
  "curriculum": true,
  "curriculum_split": "first 70% steps L in [4,16], then [8,32]",
  "halt_bias_init": -2.0,
  "train_loss_last": 0.5599319934844971,
  "indist_acc": 0.666015625,
  "ood_acc": 0.55859375,
  "mean_steps": 1.0281013250350952,
  "buckets_indist": {
    "q_bucket_0": {
      "n": 232,
      "acc": 0.8706896305084229,
      "mean_steps": 1.0497877597808838
    },
    "q_bucket_1": {
      "n": 246,
      "acc": 0.48373982310295105,
      "mean_steps": 1.0097837448120117
    },
    "q_bucket_2": {
      "n": 34,
      "acc": 0.5882353186607361,
      "mean_steps": 1.0126566886901855
    }
  },
  "buckets_ood": {
    "q_bucket_0": {
      "n": 72,
      "acc": 0.7916666865348816,
      "mean_steps": 1.0524921417236328
    },
    "q_bucket_1": {
      "n": 174,
      "acc": 0.4712643623352051,
      "mean_steps": 1.0110595226287842
    },
    "q_bucket_2": {
      "n": 266,
      "acc": 0.5526315569877625,
      "mean_steps": 1.0406051874160767
    }
  },
  "wall_s": 363.4,
  "python_hash_seed": "0",
  "torch_version": "2.13.0"
}
== run 3/3: arm-fixed seed 1 rerun (G1, wall_s excluded) ==
step     1 loss 0.6785
step   300 loss 0.4014
step   600 loss 0.3284
step   900 loss 0.2430
step  1200 loss 0.2216
step  1500 loss 0.1632
step  1800 loss 0.2475
step  2100 loss 0.2275
step  2400 loss 0.3150
step  2700 loss 0.1804
step  3000 loss 0.1968
step  3300 loss 0.1953
step  3600 loss 0.2325
step  3900 loss 0.2537
step  4200 loss 0.3507
step  4500 loss 0.4740
step  4800 loss 0.4692
step  5100 loss 0.4103
step  5400 loss 0.5331
step  5700 loss 0.4626
step  6000 loss 0.4796
{
  "exp": "r2_halting_parity",
  "task": "prefix_parity",
  "arm": "fixed",
  "seed": 1,
  "steps": 6000,
  "d_model": 96,
  "K": 8,
  "beta": 0.05,
  "prior_p": 0.25,
  "curriculum": true,
  "curriculum_split": "first 70% steps L in [4,16], then [8,32]",
  "halt_bias_init": null,
  "train_loss_last": 0.4796164929866791,
  "indist_acc": 0.666015625,
  "ood_acc": 0.552734375,
  "mean_steps": null,
  "buckets_indist": {
    "q_bucket_0": {
      "n": 232,
      "acc": 0.8275862336158752
    },
    "q_bucket_1": {
      "n": 246,
      "acc": 0.5609756112098694
    },
    "q_bucket_2": {
      "n": 34,
      "acc": 0.3235294222831726
    }
  },
  "buckets_ood": {
    "q_bucket_0": {
      "n": 72,
      "acc": 0.8611111044883728
    },
    "q_bucket_1": {
      "n": 174,
      "acc": 0.517241358757019
    },
    "q_bucket_2": {
      "n": 266,
      "acc": 0.49248120188713074
    }
  },
  "wall_s": 81.3,
  "python_hash_seed": "0",
  "torch_version": "2.13.0"
}
== G1 diff (wall_s excluded) ==
G1 PASS: identical apart from wall_s
