== run 1/3: arm-fixed seed 1 ==
Traceback (most recent call last):
  File "/Users/aricredemption/Projects/AwareLiquid-M2/research/exp_halting_parity.py", line 223, in <module>
    sys.exit(main())
             ~~~~^^
  File "/Users/aricredemption/Projects/AwareLiquid-M2/research/exp_halting_parity.py", line 186, in main
    loss = nn.functional.cross_entropy(logits, y)
  File "/Users/aricredemption/Projects/AwareLiquid-M2/.venv/lib/python3.13/site-packages/torch/nn/functional.py", line 3555, in cross_entropy
    return torch._C._nn.cross_entropy_loss(
           ~~~~~~~~~~~~~~~~~~~~~~~~~~~~~~~^
        input,
        ^^^^^^
    ...<5 lines>...
        label_smoothing,
        ^^^^^^^^^^^^^^^^
    )
    ^
RuntimeError: Expected target size [64, 2], got [64]
== run 2/3: arm-adaptive seed 1 ==
Traceback (most recent call last):
  File "/Users/aricredemption/Projects/AwareLiquid-M2/research/exp_halting_parity.py", line 223, in <module>
    sys.exit(main())
             ~~~~^^
  File "/Users/aricredemption/Projects/AwareLiquid-M2/research/exp_halting_parity.py", line 185, in main
    logits, halt = model(x, mask)
                   ~~~~~^^^^^^^^^
  File "/Users/aricredemption/Projects/AwareLiquid-M2/.venv/lib/python3.13/site-packages/torch/nn/modules/module.py", line 1778, in _wrapped_call_impl
    return self._call_impl(*args, **kwargs)
           ~~~~~~~~~~~~~~~^^^^^^^^^^^^^^^^^
  File "/Users/aricredemption/Projects/AwareLiquid-M2/.venv/lib/python3.13/site-packages/torch/nn/modules/module.py", line 1789, in _call_impl
    return forward_call(*args, **kwargs)
  File "/Users/aricredemption/Projects/AwareLiquid-M2/research/exp_halting_parity.py", line 127, in forward
    p_k = lam * prev
          ~~~~^~~~~~
RuntimeError: The size of tensor a (32) must match the size of tensor b (64) at non-singleton dimension 1
== run 3/3: arm-fixed seed 1 rerun (determinism G1) ==
Traceback (most recent call last):
  File "/Users/aricredemption/Projects/AwareLiquid-M2/research/exp_halting_parity.py", line 223, in <module>
    sys.exit(main())
             ~~~~^^
  File "/Users/aricredemption/Projects/AwareLiquid-M2/research/exp_halting_parity.py", line 186, in main
    loss = nn.functional.cross_entropy(logits, y)
  File "/Users/aricredemption/Projects/AwareLiquid-M2/.venv/lib/python3.13/site-packages/torch/nn/functional.py", line 3555, in cross_entropy
    return torch._C._nn.cross_entropy_loss(
           ~~~~~~~~~~~~~~~~~~~~~~~~~~~~~~~^
        input,
        ^^^^^^
    ...<5 lines>...
        label_smoothing,
        ^^^^^^^^^^^^^^^^
    )
    ^
RuntimeError: Expected target size [64, 2], got [64]
== G1 diff ==
diff: benchmarks/results/r2_halting_smoke_20260916_r1_fixed_s1.json: No such file or directory
